// Jest Snapshot v1, https://goo.gl/fbAQLP

exports[`correctly renders a complex expression 1`] = `
<div>
  <div
    class="RelExprTree"
  >
    <div>
      <li
        aria-pressed="false"
        class="rstm-tree-item rstm-tree-item-level0"
        role="button"
        style="padding-left: 0.75rem;"
      >
        <div
          class="rstm-toggle-icon"
        >
          <div
            aria-label="Toggle"
            class="rstm-toggle-icon-symbol"
            role="img"
          >
            -
          </div>
        </div>
        <span>
          ρ
          <sub>
            firstName/name
          </sub>
        </span>
      </li>
      <li
        aria-pressed="false"
        class="rstm-tree-item rstm-tree-item-level1"
        role="button"
        style="padding-left: 2.5rem;"
      >
        <div
          class="rstm-toggle-icon"
        >
          <div
            aria-label="Toggle"
            class="rstm-toggle-icon-symbol"
            role="img"
          >
            -
          </div>
        </div>
        <span>
          π
          <sub>
            firstName,lastName
          </sub>
        </span>
      </li>
      <li
        aria-pressed="false"
        class="rstm-tree-item rstm-tree-item-level2"
        role="button"
        style="padding-left: 4.25rem;"
      >
        <div
          class="rstm-toggle-icon"
        >
          <div
            aria-label="Toggle"
            class="rstm-toggle-icon-symbol"
            role="img"
          >
            -
          </div>
        </div>
        <span>
          σ
          <sub>
            salary &gt; 130000
          </sub>
        </span>
      </li>
      <li
        aria-pressed="false"
        class="rstm-tree-item rstm-tree-item-level3"
        role="button"
        style="padding-left: 8rem;"
      >
        Doctor
      </li>
    </div>
  </div>
</div>
`;
