// Jest Snapshot v1, https://goo.gl/fbAQLP

exports[`RelExpr correctly renders a complex expression 1`] = `
<div>
  <span
    class="RelExpr"
    style="margin: .4em;"
  >
    <span>
      <span>
        <span>
          <span>
            ρ
            <sub>
              firstName/name
            </sub>
          </span>
          (
          <span
            class="RelExpr"
            style="margin: .4em;"
          >
            <span>
              <span>
                <span>
                  <span>
                    π
                    <sub>
                      firstName,lastName
                    </sub>
                  </span>
                  (
                  <span
                    class="RelExpr"
                    style="margin: .4em;"
                  >
                    <span>
                      <span>
                        <span>
                          <span>
                            σ
                            <sub>
                              salary &gt; 130000
                            </sub>
                          </span>
                          (
                          <span
                            class="RelExpr"
                            style="margin: .4em;"
                          >
                            <span
                              class="Relation"
                              data-testid="span"
                            >
                              Doctor
                            </span>
                          </span>
                          )
                        </span>
                      </span>
                    </span>
                  </span>
                  )
                </span>
              </span>
            </span>
          </span>
          )
        </span>
      </span>
    </span>
  </span>
</div>
`;
