// Jest Snapshot v1, https://goo.gl/fbAQLP

exports[`correctly renders a complex expression 1`] = `
<span
  class="RelExpr"
  onClick={[Function]}
  style={
    Object {
      "margin": ".4em",
    }
  }
>
  <span>
    <span
      className=""
      onMouseOut={[Function]}
      onMouseOver={[Function]}
    >
      <span>
        ρ
        <sub>
          firstName/name
        </sub>
      </span>
      (
      <span
        class="RelExpr"
        onClick={[Function]}
        style={
          Object {
            "margin": ".4em",
          }
        }
      >
        <span>
          <span
            className=""
            onMouseOut={[Function]}
            onMouseOver={[Function]}
          >
            <span>
              π
              <sub>
                firstName,lastName
              </sub>
            </span>
            (
            <span
              class="RelExpr"
              onClick={[Function]}
              style={
                Object {
                  "margin": ".4em",
                }
              }
            >
              <span>
                <span
                  className=""
                  onMouseOut={[Function]}
                  onMouseOver={[Function]}
                >
                  <span>
                    σ
                    <sub>
                      salary &gt; 130000
                    </sub>
                  </span>
                  (
                  <span
                    class="RelExpr"
                    style={
                      Object {
                        "margin": ".4em",
                      }
                    }
                  >
                    <span
                      className="Relation"
                      data-testid="span"
                    >
                      Doctor
                    </span>
                  </span>
                  )
                </span>
              </span>
            </span>
            )
          </span>
        </span>
      </span>
      )
    </span>
  </span>
</span>
`;
